
> dernek-nextjs@0.1.0 test
> vitest


[1m[46m RUN [49m[22m [36mv4.0.6 [39m[90mc:/panel[39m


[2m Test Files [22m [1m[31m15 failed[39m[22m[90m (15)[39m
[2m      Tests [22m [2mno tests[22m
[2m   Start at [22m 23:41:25
[2m   Duration [22m 2.48s[2m (transform 616ms, setup 1.99s, collect 2.59s, tests 0ms, environment 21.50s, prepare 201ms)[22m

